// Jest Snapshot v1, https://goo.gl/fbAQLP

exports[`getPhotoResolver should return null if no pictures have been found 1`] = `null`;

exports[`getPhotoResolver should return the detail of one picture 1`] = `
Object {
  "files": Array [
    "http://localhost:3004/static/@source:dir/filex200.jpg",
    "http://localhost:3004/static/@source:dir/filex600.jpg",
    "http://localhost:3004/static/@source:dir/filex1280.jpg",
    "http://localhost:3004/static/@source:dir/filex2048.jpg",
  ],
  "id": "123456789",
}
`;
