// Jest Snapshot v1, https://goo.gl/fbAQLP

exports[`getSearchResolver with not-saved results should return the results 1`] = `
Object {
  "photos": Array [
    Object {
      "birthtime": NaN,
      "file": "file",
      "id": "123",
      "thumbnails": Array [
        "http://localhost:3004/static/@source:dir/filex200.jpg",
        "http://localhost:3004/static/@source:dir/filex600.jpg",
        "http://localhost:3004/static/@source:dir/filex1280.jpg",
        "http://localhost:3004/static/@source:dir/filex2048.jpg",
      ],
    },
  ],
}
`;

exports[`getSearchResolver with saved results should return the saved photos 1`] = `
Object {
  "photos": Array [
    Object {
      "birthtime": NaN,
      "file": "file",
      "id": "123",
      "thumbnails": Array [
        "http://localhost:3004/static/@source:dir/filex200.jpg",
        "http://localhost:3004/static/@source:dir/filex600.jpg",
        "http://localhost:3004/static/@source:dir/filex1280.jpg",
        "http://localhost:3004/static/@source:dir/filex2048.jpg",
      ],
    },
  ],
}
`;
